Answer:
1
happens(svo(eliza,idle,eliza),7)
happens(svo(parry,ptrans(flowers),eliza),7)
happens(svo(eliza,idle,eliza),6)
happens(svo(parry,ptrans(knife),eliza),6)
happens(svo(parry,kills,al),5)
happens(svo(al,ptrans(cash2),parry),5)
happens(svo(parry,attacks(sword),al),4)
happens(svo(al,ptrans(cash1),parry),4)
happens(svo(eliza,idle,eliza),3)
happens(svo(parry,attacks(knife),eliza),3)
happens(svo(eliza,ptrans(apple),al),2)
happens(svo(al,mtrans(motiv(murdered,eliza,parry)),eliza),2)
happens(svo(parry,idle,parry),1)
happens(svo(al,ptrans(sword),parry),1)
happens(svo(parry,idle,parry),0)
happens(svo(al,mtrans(motiv(murdered,eliza,parry)),parry),0)
harm_nullified(lost_friend,parry,eliza,3)
harm_nullified(assaulted,parry,eliza,3)
harm_nullified(cheated,parry,eliza,3)
harm_nullified(manipulated,parry,eliza,3)
harm_nullified(murdered,parry,eliza,3)
harm_nullified(lost_friend,parry,al,5)
harm_nullified(assaulted,parry,al,5)
harm_nullified(cheated,parry,al,5)
harm_nullified(manipulated,parry,al,5)
harm_nullified(murdered,parry,al,5)
harm_nullified(lost_friend,parry,al,4)
harm_nullified(assaulted,parry,al,4)
harm_nullified(cheated,parry,al,4)
harm_nullified(manipulated,parry,al,4)
harm_nullified(murdered,parry,al,4)
harm_nullified(lost_friend,eliza,al,5)
harm_nullified(assaulted,eliza,al,5)
harm_nullified(cheated,eliza,al,5)
harm_nullified(manipulated,eliza,al,5)
harm_nullified(murdered,eliza,al,5)
harm_nullified(indifferent_tragedy,parry,eliza,3)
harm_nullified(accidental_tragedy,parry,eliza,3)
harm_nullified(fall_in_love,parry,eliza,3)
harm_nullified(wooed,parry,eliza,3)
harm_nullified(self_defended_murder,parry,eliza,3)
harm_nullified(freaked,parry,eliza,3)
harm_nullified(rejoiced,parry,eliza,3)
harm_nullified(mourned,parry,eliza,3)
harm_nullified(regretted,parry,eliza,3)
harm_nullified(indifferent_tragedy,al,parry,5)
harm_nullified(indifferent_tragedy,parry,al,4)
harm_nullified(accidental_tragedy,parry,al,4)
harm_nullified(fall_in_love,parry,al,4)
harm_nullified(wooed,parry,al,4)
harm_nullified(self_defended_murder,parry,al,4)
harm_nullified(freaked,parry,al,4)
harm_nullified(rejoiced,parry,al,4)
harm_nullified(mourned,parry,al,4)
harm_nullified(regretted,parry,al,4)
harm_nullified(indifferent_tragedy,parry,al,5)
harm_nullified(accidental_tragedy,parry,al,5)
harm_nullified(fall_in_love,parry,al,5)
harm_nullified(wooed,parry,al,5)
harm_nullified(self_defended_murder,parry,al,5)
harm_nullified(freaked,parry,al,5)
harm_nullified(rejoiced,parry,al,5)
harm_nullified(mourned,parry,al,5)
harm_nullified(regretted,parry,al,5)
harm_nullified(indifferent_tragedy,eliza,al,5)
harm_nullified(accidental_tragedy,eliza,al,5)
harm_nullified(fall_in_love,eliza,al,5)
harm_nullified(wooed,eliza,al,5)
harm_nullified(self_defended_murder,eliza,al,5)
harm_nullified(freaked,eliza,al,5)
harm_nullified(rejoiced,eliza,al,5)
harm_nullified(mourned,eliza,al,5)
harm_nullified(regretted,eliza,al,5)
presentation(attrib(parry,unhappy),4)
presentation(attrib(eliza,rel(couple,al)),3)
presentation(attrib(eliza,rel(acquaintance,al)),2)
presentation(attrib(eliza,rel(acquaintance,parry)),2)
presentation(attrib(al,rel(brother,parry)),1)
presentation(svo(parry,kills,al),5)
presentation(motiv(indifferent_tragedy,al,parry),4)
presentation(motiv(indifferent_tragedy,al,parry),5)
presentation(motiv(indifferent_tragedy,al,eliza),5)
presentation(motiv(lost_friend,parry,al),5)
presentation(motiv(assaulted,parry,al),4)
presentation(motiv(murdered,parry,al),5)
presentation(motiv(wooed,parry,eliza),8)
presentation(motiv(assaulted,parry,eliza),3)
presentation(motiv(lost_friend,eliza,al),5)
presentation(motiv(wooed,eliza,al),3)
presentation(motiv(indifferent_tragedy,eliza,parry),3)
presentation(svo(parry,attacks(sword),al),5)
presentation(svo(parry,ptrans(flowers),eliza),7)
presentation(svo(eliza,ptrans(apple),al),2)

SATISFIABLE

Models





:
1+




Time







:
2.590


Prepare


:
1.730


Prepro.


:
0.850


Solving


:
0.010
