Answer:
1
happens(svo(eliza,idle,eliza),7)
happens(svo(parry,ptrans(flowers),eliza),7)
happens(svo(eliza,idle,eliza),6)
happens(svo(parry,ptrans(knife),eliza),6)
happens(svo(parry,kills,al),5)
happens(svo(al,ptrans(cash2),parry),5)
happens(svo(parry,attacks(sword),al),4)
happens(svo(al,ptrans(cash1),parry),4)
happens(svo(eliza,idle,eliza),3)
happens(svo(parry,attacks(knife),eliza),3)
happens(svo(eliza,ptrans(apple),al),2)
happens(svo(al,mtrans(motiv(murdered,eliza,parry)),eliza),2)
happens(svo(parry,idle,parry),1)
happens(svo(al,ptrans(sword),parry),1)
happens(svo(parry,idle,parry),0)
happens(svo(al,attacks(sword),parry),0)
harm_nullified(assaulted,parry,eliza,3)
harm_nullified(murdered,parry,al,5)
harm_nullified(indifferent_tragedy,al,parry,5)
harm_nullified(indifferent_tragedy,parry,parry,5)
harm_nullified(lost_friend,parry,parry,5)
role_satisfied(victim,eliza)
role_satisfied(victim,parry)
role_satisfied(victim,al)
role_satisfied(aggressor,al)
role_satisfied(aggressor,parry)
presentation(attrib(parry,unhappy),4)
presentation(attrib(eliza,rel(couple,al)),3)
presentation(attrib(eliza,rel(acquaintance,al)),2)
presentation(attrib(eliza,rel(acquaintance,parry)),2)
presentation(attrib(al,rel(brother,parry)),1)
presentation(svo(parry,kills,al),5)
presentation(svo(parry,attacks(sword),al),5)
presentation(svo(parry,ptrans(flowers),eliza),7)
presentation(svo(eliza,ptrans(apple),al),2)
presentation(attrib(al,wants(motiv(murdered,parry,al))),5)
presentation(attrib(parry,wants(motiv(indifferent_tragedy,parry,parry))),5)
presentation(attrib(parry,wants(motiv(lost_friend,parry,parry))),5)
presentation(attrib(eliza,wants(motiv(assaulted,parry,eliza))),3)

SATISFIABLE

Models





:
1+




Time







:
2.610


Prepare


:
1.710


Prepro.


:
0.890


Solving


:
0.010
