Answer:
1
happens(svo(eliza,idle,eliza),7)
happens(svo(parry,ptrans(flowers),eliza),7)
happens(svo(eliza,mtrans(motiv(rejoiced,eliza,parry)),eliza),6)
happens(svo(parry,ptrans(knife),eliza),6)
happens(svo(parry,kills,al),5)
happens(svo(al,ptrans(cash2),parry),5)
happens(svo(parry,attacks(knife),al),4)
happens(svo(al,ptrans(cash1),parry),4)
happens(svo(eliza,mtrans(motiv(lost_friend,parry,eliza)),parry),3)
happens(svo(parry,ptrans(sword),eliza),3)
happens(svo(eliza,ptrans(apple),al),2)
happens(svo(al,mtrans(motiv(murdered,eliza,parry)),eliza),2)
happens(svo(parry,idle,parry),1)
happens(svo(al,mtrans(motiv(murdered,parry,al)),parry),1)
happens(svo(parry,idle,parry),0)
happens(svo(al,mtrans(motiv(manipulated,parry,al)),parry),0)
expectation_realized(murdered,parry,al,5)
expectation_realized(assaulted,parry,al,4)
expectation_realized(wooed,parry,eliza,8)
expectation_realized(wooed,eliza,al,3)
expectation_realized(lost_friend,parry,parry,5)
expectation_realized(lost_friend,parry,eliza,5)
expectation_realized(depressed,al,al,1)
expectation_realized(depressed,al,al,0)
expectation_realized(depressed,parry,parry,3)
expectation_realized(depressed,eliza,eliza,3)
expectation_realized(manipulated,al,parry,5)
expectation_realized(manipulated,eliza,parry,5)
expectation_realized(rejoiced,eliza,parry,6)
expectation_realized(masochism,parry,al,5)
expectation_realized(masochism,al,parry,5)
expectation_realized(masochism,al,parry,4)
expectation_realized(masochism,parry,parry,5)
expectation_realized(masochism,eliza,parry,5)
expectation_realized(masochism,parry,eliza,5)
harm_nullified(lost_friend,parry,eliza,5)
harm_nullified(manipulated,al,parry,5)
harm_nullified(manipulated,parry,al,5)
harm_nullified(murdered,parry,al,5)
harm_nullified(lost_friend,parry,parry,5)
role_satisfied(victim,parry)
role_satisfied(victim,al)
role_satisfied(aggressor,eliza)
presentation(attrib(parry,unhappy),4)
presentation(attrib(eliza,rel(couple,al)),3)
presentation(attrib(eliza,rel(acquaintance,al)),2)
presentation(attrib(eliza,rel(acquaintance,parry)),2)
presentation(attrib(al,rel(brother,parry)),1)
presentation(svo(parry,kills,al),5)
presentation(motiv(assaulted,parry,al),4)
presentation(motiv(murdered,parry,al),5)
presentation(motiv(manipulated,al,parry),5)
presentation(motiv(lost_friend,parry,parry),5)
presentation(motiv(manipulated,eliza,parry),5)
presentation(svo(parry,attacks(knife),al),5)
presentation(svo(al,mtrans(motiv(murdered,parry,al)),parry),1)
presentation(svo(al,mtrans(motiv(manipulated,parry,al)),parry),0)
presentation(svo(eliza,mtrans(motiv(lost_friend,parry,eliza)),parry),3)
presentation(svo(parry,ptrans(flowers),eliza),7)
presentation(svo(eliza,ptrans(apple),al),2)
presentation(motiv(rejoiced,eliza,parry),6)
presentation(motiv(depressed,al,al),0)
presentation(motiv(depressed,al,al),1)
presentation(motiv(depressed,parry,parry),3)
presentation(motiv(depressed,eliza,eliza),3)
presentation(motiv(masochism,al,parry),4)
presentation(motiv(masochism,al,parry),5)
presentation(motiv(masochism,parry,al),5)
presentation(motiv(masochism,parry,parry),5)
presentation(motiv(masochism,parry,eliza),5)
presentation(motiv(masochism,eliza,parry),5)

SATISFIABLE

Models





:
1+




Time







:
1.640


Prepare


:
1.080


Prepro.


:
0.530


Solving


:
0.030
