Answer:
1
happens(svo(eliza,idle,eliza),7)
happens(svo(parry,ptrans(cash2),eliza),7)
happens(svo(eliza,mtrans(motiv(rejoiced,eliza,al)),eliza),6)
happens(svo(parry,propel(knife),eliza),6)
happens(svo(parry,kills,al),5)
happens(svo(al,attacks(sword),parry),5)
happens(svo(parry,attacks(knife),al),4)
happens(svo(al,ptrans(cash1),parry),4)
happens(svo(eliza,mtrans(motiv(assaulted,al,parry)),al),3)
happens(svo(al,propel(flowers),eliza),3)
happens(svo(eliza,ptrans(flowers),al),2)
happens(svo(al,ptrans(apple),eliza),2)
happens(svo(parry,idle,parry),1)
happens(svo(al,ptrans(knife),parry),1)
happens(svo(parry,idle,parry),0)
happens(svo(al,attacks(knife),parry),0)
expectation_realized(murdered,parry,al,5)
expectation_realized(assaulted,al,parry,5)
expectation_realized(assaulted,al,parry,0)
expectation_realized(assaulted,parry,al,4)
expectation_realized(wooed,al,eliza,3)
expectation_realized(wooed,eliza,al,3)
expectation_realized(manipulated,eliza,al,5)
expectation_realized(self_defended_murder,parry,al,5)
expectation_realized(rejoiced,eliza,al,6)
harm_nullified(murdered,parry,al,5)
role_satisfied(victim,parry)
role_satisfied(victim,al)
aggression_nullified(murdered,parry,al,5)
role_satisfied(aggressor,eliza)
presentation(attrib(parry,unhappy),4)
presentation(attrib(eliza,rel(couple,al)),3)
presentation(attrib(eliza,rel(acquaintance,al)),2)
presentation(attrib(eliza,rel(acquaintance,parry)),2)
presentation(attrib(al,rel(brother,parry)),1)
presentation(svo(parry,kills,al),5)
presentation(motiv(assaulted,parry,al),4)
presentation(motiv(murdered,parry,al),5)
presentation(motiv(manipulated,eliza,al),5)
presentation(motiv(assaulted,al,parry),0)
presentation(motiv(assaulted,al,parry),5)
presentation(svo(al,attacks(sword),parry),5)
presentation(svo(parry,attacks(knife),al),5)
presentation(svo(eliza,mtrans(motiv(assaulted,al,parry)),al),3)
presentation(svo(eliza,ptrans(flowers),al),2)
presentation(svo(al,ptrans(apple),eliza),2)
presentation(motiv(rejoiced,eliza,al),6)
presentation(motiv(self_defended_murder,parry,al,5),5)

SATISFIABLE

Models





:
1+




Time







:
1.610


Prepare


:
1.030


Prepro.


:
0.560


Solving


:
0.020
