Answer:
1
happens(svo(eliza,idle,eliza),7)
happens(svo(parry,ptrans(knife),eliza),7)
happens(svo(eliza,idle,eliza),6)
happens(svo(parry,mtrans(motiv(regretted,parry,al)),parry),6)
happens(svo(parry,kills,al),5)
happens(svo(al,ptrans(cash2),parry),5)
happens(svo(parry,attacks(sword),al),4)
happens(svo(al,propel(flowers),parry),4)
happens(svo(eliza,mtrans(motiv(assaulted,parry,al)),parry),3)
happens(svo(parry,ptrans(cash1),eliza),3)
happens(svo(eliza,ptrans(flowers),al),2)
happens(svo(al,mtrans(motiv(lost_friend,parry,eliza)),eliza),2)
happens(svo(parry,attacks(knife),al),1)
happens(svo(al,ptrans(apple),parry),1)
happens(svo(parry,attacks(knife),al),0)
happens(svo(al,mtrans(motiv(murdered,parry,al)),parry),0)
expectation_realized(murdered,parry,al,5)
expectation_realized(assaulted,parry,al,4)
expectation_realized(assaulted,parry,al,1)
expectation_realized(assaulted,parry,al,0)
expectation_realized(wooed,al,parry,2)
expectation_realized(wooed,eliza,al,3)
expectation_realized(lost_friend,parry,parry,5)
expectation_realized(lost_friend,parry,eliza,5)
expectation_realized(manipulated,al,parry,5)
expectation_realized(manipulated,eliza,parry,4)
expectation_realized(regretted,parry,al,6)
expectation_realized(indifferent_tragedy,eliza,parry,5)
harm_nullified(lost_friend,parry,eliza,5)
harm_nullified(manipulated,al,parry,5)
harm_nullified(murdered,parry,al,5)
expectation_realized(depressed,parry,parry,3)
harm_nullified(lost_friend,parry,parry,5)
role_satisfied(victim,parry)
role_satisfied(victim,al)
aggression_nullified(manipulated,al,parry,5)
aggression_nullified(lost_friend,parry,eliza,5)
aggression_nullified(assaulted,parry,al,0)
aggression_nullified(assaulted,parry,al,1)
aggression_nullified(assaulted,parry,al,4)
aggression_nullified(murdered,parry,al,5)
aggression_nullified(lost_friend,parry,parry,5)
role_satisfied(aggressor,eliza)
presentation(attrib(parry,unhappy),4)
presentation(attrib(eliza,rel(couple,al)),3)
presentation(attrib(eliza,rel(acquaintance,al)),2)
presentation(attrib(eliza,rel(acquaintance,parry)),2)
presentation(attrib(al,rel(brother,parry)),1)
presentation(svo(parry,kills,al),5)
presentation(motiv(assaulted,parry,al),0)
presentation(motiv(assaulted,parry,al),1)
presentation(motiv(assaulted,parry,al),4)
presentation(motiv(murdered,parry,al),5)
presentation(motiv(manipulated,al,parry),5)
presentation(motiv(lost_friend,parry,parry),5)
presentation(motiv(manipulated,eliza,parry),4)
presentation(svo(parry,attacks(sword),al),5)
presentation(svo(al,mtrans(motiv(murdered,parry,al)),parry),0)
presentation(svo(eliza,mtrans(motiv(assaulted,parry,al)),parry),3)
presentation(svo(eliza,ptrans(flowers),al),2)
presentation(svo(al,ptrans(apple),parry),1)

SATISFIABLE

Models





:
1+




Time







:
1.680


Prepare


:
1.100


Prepro.


:
0.530


Solving


:
0.050
